2026-07-05 02:17:05 INFO  [main] c.k.api.kfd_backend.MainApplication - Starting MainApplication using Java 26.0.1 with PID 64275 (/Users/mr.saw/Documents/KFD/kfd_backend/target/classes started by mr.saw in /Users/mr.saw/Documents/KFD/kfd_backend)
2026-07-05 02:17:05 DEBUG [main] c.k.api.kfd_backend.MainApplication - Running with Spring Boot v4.0.6, Spring v7.0.7
2026-07-05 02:17:05 INFO  [main] c.k.api.kfd_backend.MainApplication - No active profile set, falling back to 1 default profile: "default"
2026-07-05 02:17:05 INFO  [background-preinit] o.h.validator.internal.util.Version - HV000001: Hibernate Validator 9.0.1.Final
2026-07-05 02:17:07 INFO  [main] o.a.coyote.http11.Http11NioProtocol - Initializing ProtocolHandler ["http-nio-8080"]
2026-07-05 02:17:07 INFO  [main] o.a.catalina.core.StandardService - Starting service [Tomcat]
2026-07-05 02:17:07 INFO  [main] o.a.catalina.core.StandardEngine - Starting Servlet engine: [Apache Tomcat/11.0.21]
2026-07-05 02:17:08 INFO  [main] com.zaxxer.hikari.HikariDataSource - HikariPool-1 - Starting...
2026-07-05 02:17:08 INFO  [main] com.zaxxer.hikari.pool.HikariPool - HikariPool-1 - Added connection org.postgresql.jdbc.PgConnection@5ab7ac02
2026-07-05 02:17:08 INFO  [main] com.zaxxer.hikari.HikariDataSource - HikariPool-1 - Start completed.
2026-07-05 02:17:08 INFO  [main] org.flywaydb.core.FlywayExecutor - Database: jdbc:postgresql://localhost:5432/postgres (PostgreSQL 18.4)
2026-07-05 02:17:08 INFO  [main] o.f.core.internal.command.DbValidate - Successfully validated 21 migrations (execution time 00:00.035s)
2026-07-05 02:17:08 INFO  [main] o.f.core.internal.command.DbMigrate - Current version of schema "public": 22
2026-07-05 02:17:08 INFO  [main] o.f.core.internal.command.DbMigrate - Schema "public" is up to date. No migration necessary.
2026-07-05 02:17:08 INFO  [main] org.hibernate.orm.jpa - HHH008540: Processing PersistenceUnitInfo [name: default]
2026-07-05 02:17:08 INFO  [main] org.hibernate.orm.core - HHH000001: Hibernate ORM core version 7.2.12.Final
2026-07-05 02:17:09 INFO  [main] o.hibernate.orm.connections.pooling - HHH10001005: Database info:
	Database JDBC URL [jdbc:postgresql://localhost:5432/postgres]
	Database driver: PostgreSQL JDBC Driver
	Database dialect: PostgreSQLDialect
	Database version: 18.4
	Default catalog/schema: postgres/public
	Autocommit mode: undefined/unknown
	Isolation level: READ_COMMITTED [default READ_COMMITTED]
	JDBC fetch size: none
	Pool: DataSourceConnectionProvider
	Minimum pool size: undefined/unknown
	Maximum pool size: undefined/unknown
2026-07-05 02:17:10 INFO  [main] org.hibernate.orm.core - HHH000489: No JTA platform available (set 'hibernate.transaction.jta.platform' to enable JTA platform integration)
2026-07-05 02:17:11 DEBUG [main] c.k.a.k.auth.JwtAuthenticationFilter - Filter 'jwtAuthenticationFilter' configured for use
2026-07-05 02:17:11 WARN  [main] o.s.s.c.a.a.c.InitializeUserDetailsBeanManagerConfigurer$InitializeUserDetailsManagerConfigurer - Global AuthenticationManager configured with an AuthenticationProvider bean. UserDetailsService beans will not be used by Spring Security for automatically configuring username/password login. Consider removing the AuthenticationProvider bean. Alternatively, consider using the UserDetailsService in a manually instantiated DaoAuthenticationProvider. If the current configuration is intentional, to turn off this warning, increase the logging level of 'org.springframework.security.config.annotation.authentication.configuration.InitializeUserDetailsBeanManagerConfigurer' to ERROR
2026-07-05 02:17:12 WARN  [main] o.s.b.j.a.JpaBaseConfiguration$JpaWebConfiguration - spring.jpa.open-in-view is enabled by default. Therefore, database queries may be performed during view rendering. Explicitly configure spring.jpa.open-in-view to disable this warning
2026-07-05 02:17:13 INFO  [main] o.a.coyote.http11.Http11NioProtocol - Starting ProtocolHandler ["http-nio-8080"]
2026-07-05 02:17:13 INFO  [main] c.k.api.kfd_backend.MainApplication - Started MainApplication in 8.681 seconds (process running for 9.071)
2026-07-05 02:17:21 INFO  [http-nio-8080-exec-1] o.a.c.c.C.[Tomcat].[localhost].[/] - Initializing Spring DispatcherServlet 'dispatcherServlet'
2026-07-05 02:17:21 WARN  [http-nio-8080-exec-1] org.hibernate.orm.jdbc.error - HHH000247: ErrorCode: 0, SQLState: 42703
2026-07-05 02:17:21 WARN  [http-nio-8080-exec-1] org.hibernate.orm.jdbc.error - ERROR: column p1_0.slider_image_ids does not exist
  Position: 202
2026-07-05 02:17:37 WARN  [http-nio-8080-exec-5] org.hibernate.orm.jdbc.error - HHH000247: ErrorCode: 0, SQLState: 42703
2026-07-05 02:17:37 WARN  [http-nio-8080-exec-5] org.hibernate.orm.jdbc.error - ERROR: column p1_0.slider_image_ids does not exist
  Position: 202
2026-07-05 02:18:21 INFO  [main] c.k.api.kfd_backend.MainApplication - Starting MainApplication using Java 26.0.1 with PID 64494 (/Users/mr.saw/Documents/KFD/kfd_backend/target/classes started by mr.saw in /Users/mr.saw/Documents/KFD/kfd_backend)
2026-07-05 02:18:21 DEBUG [main] c.k.api.kfd_backend.MainApplication - Running with Spring Boot v4.0.6, Spring v7.0.7
2026-07-05 02:18:21 INFO  [main] c.k.api.kfd_backend.MainApplication - No active profile set, falling back to 1 default profile: "default"
2026-07-05 02:18:21 INFO  [background-preinit] o.h.validator.internal.util.Version - HV000001: Hibernate Validator 9.0.1.Final
2026-07-05 02:18:22 INFO  [main] o.a.coyote.http11.Http11NioProtocol - Initializing ProtocolHandler ["http-nio-8080"]
2026-07-05 02:18:22 INFO  [main] o.a.catalina.core.StandardService - Starting service [Tomcat]
2026-07-05 02:18:22 INFO  [main] o.a.catalina.core.StandardEngine - Starting Servlet engine: [Apache Tomcat/11.0.21]
2026-07-05 02:18:23 INFO  [main] com.zaxxer.hikari.HikariDataSource - HikariPool-1 - Starting...
2026-07-05 02:18:23 INFO  [main] com.zaxxer.hikari.pool.HikariPool - HikariPool-1 - Added connection org.postgresql.jdbc.PgConnection@1cc41b77
2026-07-05 02:18:23 INFO  [main] com.zaxxer.hikari.HikariDataSource - HikariPool-1 - Start completed.
2026-07-05 02:18:23 INFO  [main] org.flywaydb.core.FlywayExecutor - Database: jdbc:postgresql://localhost:5432/postgres (PostgreSQL 18.4)
2026-07-05 02:18:23 INFO  [main] o.f.core.internal.command.DbValidate - Successfully validated 22 migrations (execution time 00:00.026s)
2026-07-05 02:18:23 INFO  [main] o.f.core.internal.command.DbMigrate - Current version of schema "public": 22
2026-07-05 02:18:23 INFO  [main] o.f.core.internal.command.DbMigrate - Migrating schema "public" to version "23 - add slider image ids to posts"
2026-07-05 02:18:23 INFO  [main] o.f.core.internal.command.DbMigrate - Successfully applied 1 migration to schema "public", now at version v23 (execution time 00:00.022s)
2026-07-05 02:18:23 INFO  [main] org.hibernate.orm.jpa - HHH008540: Processing PersistenceUnitInfo [name: default]
2026-07-05 02:18:23 INFO  [main] org.hibernate.orm.core - HHH000001: Hibernate ORM core version 7.2.12.Final
2026-07-05 02:18:23 INFO  [main] o.hibernate.orm.connections.pooling - HHH10001005: Database info:
	Database JDBC URL [jdbc:postgresql://localhost:5432/postgres]
	Database driver: PostgreSQL JDBC Driver
	Database dialect: PostgreSQLDialect
	Database version: 18.4
	Default catalog/schema: postgres/public
	Autocommit mode: undefined/unknown
	Isolation level: READ_COMMITTED [default READ_COMMITTED]
	JDBC fetch size: none
	Pool: DataSourceConnectionProvider
	Minimum pool size: undefined/unknown
	Maximum pool size: undefined/unknown
2026-07-05 02:18:24 INFO  [main] org.hibernate.orm.core - HHH000489: No JTA platform available (set 'hibernate.transaction.jta.platform' to enable JTA platform integration)
2026-07-05 02:18:25 DEBUG [main] c.k.a.k.auth.JwtAuthenticationFilter - Filter 'jwtAuthenticationFilter' configured for use
2026-07-05 02:18:25 WARN  [main] o.s.s.c.a.a.c.InitializeUserDetailsBeanManagerConfigurer$InitializeUserDetailsManagerConfigurer - Global AuthenticationManager configured with an AuthenticationProvider bean. UserDetailsService beans will not be used by Spring Security for automatically configuring username/password login. Consider removing the AuthenticationProvider bean. Alternatively, consider using the UserDetailsService in a manually instantiated DaoAuthenticationProvider. If the current configuration is intentional, to turn off this warning, increase the logging level of 'org.springframework.security.config.annotation.authentication.configuration.InitializeUserDetailsBeanManagerConfigurer' to ERROR
2026-07-05 02:18:26 WARN  [main] o.s.b.j.a.JpaBaseConfiguration$JpaWebConfiguration - spring.jpa.open-in-view is enabled by default. Therefore, database queries may be performed during view rendering. Explicitly configure spring.jpa.open-in-view to disable this warning
2026-07-05 02:18:27 INFO  [main] o.a.coyote.http11.Http11NioProtocol - Starting ProtocolHandler ["http-nio-8080"]
2026-07-05 02:18:27 INFO  [main] c.k.api.kfd_backend.MainApplication - Started MainApplication in 6.058 seconds (process running for 6.393)
2026-07-05 02:18:36 INFO  [http-nio-8080-exec-1] o.a.c.c.C.[Tomcat].[localhost].[/] - Initializing Spring DispatcherServlet 'dispatcherServlet'
2026-07-05 02:18:37 WARN  [http-nio-8080-exec-4] o.s.d.w.c.SpringDataJackson3Configuration$PageModule$WarningLoggingModifier - Serializing PageImpl instances as-is is not supported, meaning that there is no guarantee about the stability of the resulting JSON structure!
	For a stable JSON structure, please use Spring Data's PagedModel (globally via @EnableSpringDataWebSupport(pageSerializationMode = VIA_DTO))
	or Spring HATEOAS and Spring Data's PagedResourcesAssembler as documented in https://docs.spring.io/spring-data/commons/reference/repositories/core-extensions.html#core.web.pageables.

2026-07-05 02:39:52 WARN  [HikariPool-1:housekeeper] com.zaxxer.hikari.pool.HikariPool - HikariPool-1 - Thread starvation or clock leap detected (housekeeper delta=15m29s226ms).
2026-07-05 02:55:22 WARN  [HikariPool-1:housekeeper] com.zaxxer.hikari.pool.HikariPool - HikariPool-1 - Thread starvation or clock leap detected (housekeeper delta=15m30s223ms).
2026-07-05 03:25:38 WARN  [HikariPool-1:housekeeper] com.zaxxer.hikari.pool.HikariPool - HikariPool-1 - Thread starvation or clock leap detected (housekeeper delta=30m15s263ms).
2026-07-05 03:41:06 WARN  [HikariPool-1:housekeeper] com.zaxxer.hikari.pool.HikariPool - HikariPool-1 - Thread starvation or clock leap detected (housekeeper delta=15m28s835ms).
2026-07-05 03:56:35 WARN  [HikariPool-1:housekeeper] com.zaxxer.hikari.pool.HikariPool - HikariPool-1 - Thread starvation or clock leap detected (housekeeper delta=15m28s722ms).
2026-07-05 04:12:05 WARN  [HikariPool-1:housekeeper] com.zaxxer.hikari.pool.HikariPool - HikariPool-1 - Thread starvation or clock leap detected (housekeeper delta=15m29s533ms).
2026-07-05 04:25:55 WARN  [HikariPool-1:housekeeper] com.zaxxer.hikari.pool.HikariPool - HikariPool-1 - Thread starvation or clock leap detected (housekeeper delta=13m50s695ms).
2026-07-05 04:56:24 WARN  [HikariPool-1:housekeeper] com.zaxxer.hikari.pool.HikariPool - HikariPool-1 - Thread starvation or clock leap detected (housekeeper delta=30m29s100ms).
2026-07-05 05:11:54 WARN  [HikariPool-1:housekeeper] com.zaxxer.hikari.pool.HikariPool - HikariPool-1 - Thread starvation or clock leap detected (housekeeper delta=15m29s584ms).
2026-07-05 05:26:46 WARN  [HikariPool-1:housekeeper] com.zaxxer.hikari.pool.HikariPool - HikariPool-1 - Thread starvation or clock leap detected (housekeeper delta=14m51s623ms).
2026-07-05 05:42:15 WARN  [HikariPool-1:housekeeper] com.zaxxer.hikari.pool.HikariPool - HikariPool-1 - Thread starvation or clock leap detected (housekeeper delta=15m29s661ms).
2026-07-05 05:57:45 WARN  [HikariPool-1:housekeeper] com.zaxxer.hikari.pool.HikariPool - HikariPool-1 - Thread starvation or clock leap detected (housekeeper delta=15m29s576ms).
2026-07-05 06:13:14 WARN  [HikariPool-1:housekeeper] com.zaxxer.hikari.pool.HikariPool - HikariPool-1 - Thread starvation or clock leap detected (housekeeper delta=15m29s516ms).
2026-07-05 06:28:00 WARN  [HikariPool-1:housekeeper] com.zaxxer.hikari.pool.HikariPool - HikariPool-1 - Thread starvation or clock leap detected (housekeeper delta=14m45s544ms).
2026-07-05 06:43:30 WARN  [HikariPool-1:housekeeper] com.zaxxer.hikari.pool.HikariPool - HikariPool-1 - Thread starvation or clock leap detected (housekeeper delta=15m29s697ms).
2026-07-05 06:58:59 WARN  [HikariPool-1:housekeeper] com.zaxxer.hikari.pool.HikariPool - HikariPool-1 - Thread starvation or clock leap detected (housekeeper delta=15m29s542ms).
2026-07-05 07:03:21 WARN  [HikariPool-1:housekeeper] com.zaxxer.hikari.pool.HikariPool - HikariPool-1 - Thread starvation or clock leap detected (housekeeper delta=4m21s513ms).
